// Jest Snapshot v1, https://goo.gl/fbAQLP

exports[`EventItem renders correctly 1`] = `
.c13 {
  min-width: 35px;
  min-height: 35px;
  text-align: right;
  margin: 2px;
}

.c5 {
  text-align: right;
  margin: 2px;
  font-size: 112.5%;
}

.c2 {
  display: grid;
  grid-template-columns: 20% repeat(4,auto);
  grid-template-rows: repeat(8,auto);
  margin: 0;
  margin-top: -2px;
  border: 2px solid var(--lightgrey-main);
  border-top: 0;
  overflow: hidden;
}

.c2::before,
.c2::after {
  content: '';
  position: absolute;
  left: 0;
  width: 100%;
  height: 100%;
}

.c2::before {
  height: 0;
}

.c2::after {
  height: 8px;
  bottom: 0;
}

.c9 {
  grid-column: 3/6;
  grid-row: 2;
  text-align: left;
}

.c10 {
  grid-column: 3/6;
  grid-row: 3;
  text-align: left;
}

.c11 {
  grid-column: 3/6;
  grid-row: 5;
  text-align: left;
}

.c3 {
  grid-column: 1;
  grid-row: 1 / span 5;
}

.c4 {
  grid-column: 1 / span 1;
  grid-row: 1 / span 5;
  margin: 7px;
  object-fit: cover;
  width: 90%;
  max-height: 90%;
}

.c6 {
  grid-column: 2;
  grid-row: 1 / span 4;
  margin-top: 7px;
  font-weight: 400;
  font-size: 112.5%;
}

.c7 {
  grid-column: 2;
  grid-row: 5;
  font-weight: 400;
  font-size: 112.5%;
}

.c12 {
  grid-column: 2;
  grid-row: 6;
  text-align: right;
  -webkit-align-self: center;
  -ms-flex-item-align: center;
  align-self: center;
  margin: 2px;
  font-weight: bold;
  font-size: 112.5%;
  display: none;
}

.c8 {
  grid-column: 3/6;
  grid-row: 1;
  text-align: left;
  margin-top: 7px;
}

.c14 {
  grid-column: 3;
  grid-row: 6;
  display: none;
}

.c15 {
  grid-column: 1/6;
  grid-row: 7;
  display: -webkit-box;
  display: -webkit-flex;
  display: -ms-flexbox;
  display: flex;
  width: 100%;
  margin: 1px;
  padding: 0;
  -webkit-box-pack: space-around;
  -webkit-justify-content: space-around;
  -ms-flex-pack: space-around;
  justify-content: space-around;
}

.c16 {
  display: inline-block;
  min-width: -webkit-fit-content;
  min-width: -moz-fit-content;
  min-width: fit-content;
  min-height: -webkit-fit-content;
  min-height: -moz-fit-content;
  min-height: fit-content;
  margin: 2px;
  padding: 4px 6px;
  border: none;
  border-radius: 6px;
  background-color: var(--darkgrey-75);
  font-size: 130%;
  text-align: center;
  color: var(--sandyellow-main);
}

.c17 {
  grid-column: 5;
  grid-row: 8;
  color: var(--red-main);
  font-size: 130%;
  float: right;
  -webkit-text-decoration: none;
  text-decoration: none;
  border-radius: 20px;
  background: none;
  margin: 4px;
  margin-top: 7px;
  min-width: 40px;
  min-height: 40px;
}

.c0 {
  grid-column: 1;
  list-style: none;
  margin: 0;
  margin-bottom: 20px;
  padding: 4px;
  text-align: center;
}

.c1 {
  margin: 0;
  border-radius: 6px;
  border: solid 3px var(--lightgrey-main);
  border-left: solid 10px var(--lightgrey-main);
}

.c18 {
  grid-column: 2;
  -webkit-align-self: start;
  -ms-flex-item-align: start;
  align-self: start;
  justify-self: start;
  margin: 0;
  padding: 5px 0;
  margin-top: 23.325px;
  background: none;
}

<div>
  <li
    class="c0"
  >
    <div
      class="c1"
    >
      <h2>
        ~ 
        This is the eventname
         ~
      </h2>
      <h3>
        This is the eventlocation
      </h3>
      <h3>
        Invalid Date - Invalid Date
      </h3>
    </div>
    <section
      class="c2"
      style="height: 0px;"
    >
      <a
        class="c3"
        target="blank"
      >
         
        <img
          alt="This is the eventname Poster"
          class="c4"
          src="https://delyed.de/wp-content/uploads/2018/01/5d737e918441914a9d2743268ef65439.jpg"
        />
      </a>
      <p
        class="c5 c6"
      >
        Address: 
      </p>
      <p
        class="c5 c7"
      >
        Price: 
      </p>
      <p
        class="c5 c8"
      >
        This is the eventname
      </p>
      <p
        class="c5 c9"
      />
      <p
        class="c5 c10"
      >
         
        This is the eventlocation
      </p>
      <p
        class="c5 c11"
      >
        kostenlos
         
      </p>
      <label
        class="c12"
        id="Ticket"
      >
        Ticket
      </label>
      <input
        class="c13 c14"
        for="Ticket"
        type="checkbox"
      />
      <div
        class="c15"
      >
        <button>
          PackList
        </button>
        <a
          class="c16"
          target="blank"
          title="link"
        >
          Website
        </a>
        <a
          class="c16"
          href="https://www.google.de/maps"
          target="blank"
          title="link"
        >
          Route
        </a>
      </div>
      <button
        class="c17"
      >
        <img
          alt="delete"
          src="trash.svg"
        />
      </button>
    </section>
  </li>
  <button
    class="c18"
  >
    <img
      alt="hide"
      src="IconHideEye.svg"
    />
  </button>
</div>
`;
