// Jest Snapshot v1, https://goo.gl/fbAQLP

exports[`EventForm renders correctly 1`] = `
Object {
  "asFragment": [Function],
  "baseElement": .c5 {
  display: block;
  width: 100%;
  padding: 20px;
  border-radius: 4px;
  border: var(--border-darkgrey);
  margin-top: 0;
  padding: 4px;
  font-size: 112.5%;
  color: black;
}

.c1 {
  font-weight: 400;
  size: 112.5%;
  margin: 4px;
  text-align: right;
}

.c0 {
  display: grid;
  grid-template-columns: auto repeat(2,120px);
  grid-template-rows: repeat(20,auto);
  -webkit-align-content: center;
  -ms-flex-line-pack: center;
  align-content: center;
  min-width: 300px;
  gap: 4px;
}

.c10 {
  grid-column: 1;
  grid-row: 9;
}

.c16 {
  grid-column: 1;
  grid-row: 15;
}

.c18 {
  grid-column: 1;
  grid-row: 17;
}

.c20 {
  grid-column: 1;
  grid-row: 18;
}

.c22 {
  grid-column: 1;
  grid-row: 19;
}

.c4 {
  grid-column: 2 / span 2;
  grid-row: 2;
  text-align: left;
}

.c7 {
  grid-column: 2 / span 2;
  grid-row: 5;
  text-align: left;
}

.c6 {
  grid-column: 2 / span 2;
  grid-row: 3;
}

.c8 {
  grid-column: 2 / span 2;
  grid-row: 6;
}

.c14 {
  grid-column: 2 / span 2;
  grid-row: 11;
}

.c15 {
  grid-column: 2 / span 2;
  grid-row: 13;
}

.c17 {
  grid-column: 2 / span 2;
  grid-row: 15;
}

.c19 {
  grid-column: 2 / span 2;
  grid-row: 17;
}

.c21 {
  grid-column: 2 / span 2;
  grid-row: 18;
}

.c2 {
  grid-column: 1;
  grid-row: 2;
  text-align: left;
}

.c3 {
  grid-column: 1;
  grid-row: 3;
  display: block;
  width: 100%;
  padding: 20px;
  border: var(--border-darkgrey);
  border-radius: 4px;
  margin-top: 0;
  padding: 4px;
  font-size: 112.5%;
  color: black;
  background: var(--lightgrey-main);
}

.c9 {
  grid-column: 1 / span 2;
  grid-row: 8;
  margin-top: 20px;
}

.c11 {
  grid-column: 2/3;
  grid-row: 9;
}

.c12 {
  grid-column: 3;
  grid-row: 9;
}

.c13 {
  grid-column: 1;
  grid-row: 11 / span 2;
}

.c23 {
  grid-column: 2 / span 2;
  grid-row: 19;
  display: block;
  width: 100%;
  border-radius: 4px;
  border: var(--border-darkgrey);
  margin-top: 0;
  padding: 4px;
  font-size: 112.5%;
  color: black;
  background: var(--lightgrey-main);
}

.c24 {
  grid-column: 1 / span 3;
  grid-row: 20;
  display: -webkit-box;
  display: -webkit-flex;
  display: -ms-flexbox;
  display: flex;
  -webkit-box-pack: center;
  -webkit-justify-content: center;
  -ms-flex-pack: center;
  justify-content: center;
  width: 100%;
  margin: 20px 7px;
}

.c25 {
  grid-column: 1 / span 3;
  grid-row: 20;
  background-color: var(--darkred-75);
}

<body>
    <div>
      <form
        class="c0"
        data-testid="eventform"
      >
        <label
          class="c1 c2"
          for="category"
        >
          Category:
        </label>
        <select
          class="c3"
          id="category"
          name="category"
        >
          <option
            value="metal"
          >
            metal
          </option>
          <option
            value="medieval"
          >
            medieval
          </option>
          <option
            value="holiday"
          >
            holiday
          </option>
          <option
            value="other"
          >
            other
          </option>
        </select>
        <label
          class="c1 c4"
          for="name"
        >
          EventName:
        </label>
        <input
          class="c5 c6"
          id="name"
          name="name"
          placeholder="event name"
        />
        <label
          class="c1 c7"
          for="location"
        >
          EventLocation:
        </label>
        <input
          class="c5 c8"
          id="location"
          name="location"
          placeholder="location of the event"
        />
        <h2
          class="c9"
        >
          EventInfos
        </h2>
        <label
          class="c1 c10"
          for="EventStartDate"
        >
          Duration:
        </label>
        <div
          class="c11"
        >
          <div
            class="react-datepicker-wrapper"
          >
            <div
              class="react-datepicker__input-container"
            >
              <input
                class="c5"
                placeholder="start date"
                value=""
              />
            </div>
          </div>
        </div>
        <div
          class="c12"
        >
          <div
            class="react-datepicker-wrapper"
          >
            <div
              class="react-datepicker__input-container"
            >
              <input
                class="c5"
                placeholder="end date"
                value=""
              />
            </div>
          </div>
        </div>
        <label
          class="c1 c13"
          for="Street"
        >
          Address:
        </label>
        <input
          class="c5 c14"
          id="street"
          name="street"
          placeholder="street + number"
        />
        <input
          class="c5 c15"
          id="zip"
          name="zip"
          placeholder="zip"
        />
        <label
          class="c1 c16"
          for="website"
        >
          Website:
        </label>
        <input
          class="c5 c17"
          id="website"
          name="website"
          placeholder="http://www.website.de"
        />
        <label
          class="c1 c18"
          for="price"
        >
          TicketPrice:
        </label>
        <input
          class="c5 c19"
          id="price"
          name="price"
          placeholder="ticket price or range"
        />
        <label
          class="c1 c20"
          for="poster"
        >
          Picture:
           
        </label>
        <input
          class="c5 c21"
          id="poster"
          name="poster"
          placeholder="http://www.website.de/banner.jpg"
        />
        <label
          class="c1 c22"
          for="packlist"
        >
          Add PackList:
        </label>
        <select
          class="c23"
          id="packlist"
          name="packlistCategory"
        >
          <option
            value="festival"
          >
            festival
          </option>
          <option
            value="medieval"
          >
            medieval
          </option>
        </select>
        <div
          class="c24"
        >
          <button
            type="reset"
          >
            Reset
          </button>
          <button
            class="c25"
            type="submit"
          >
            Save
          </button>
        </div>
      </form>
    </div>
  </body>,
  "container": <div>
    <form
      class="EventForm__Form-sc-1hr7ssh-0 druZya"
      data-testid="eventform"
    >
      <label
        class="Label-sc-4r18cf-0 EventForm__CategoryInputLabel-sc-1hr7ssh-5 kTDDAh kKWTAK"
        for="category"
      >
        Category:
      </label>
      <select
        class="EventForm__CategoryInput-sc-1hr7ssh-6 cezilq"
        id="category"
        name="category"
      >
        <option
          value="metal"
        >
          metal
        </option>
        <option
          value="medieval"
        >
          medieval
        </option>
        <option
          value="holiday"
        >
          holiday
        </option>
        <option
          value="other"
        >
          other
        </option>
      </select>
      <label
        class="Label-sc-4r18cf-0 EventForm__InputLabelColumn2-sc-1hr7ssh-2 kTDDAh bMMjQM"
        for="name"
      >
        EventName:
      </label>
      <input
        class="Input-sc-1qrq46f-0 EventForm__InputColumn2-sc-1hr7ssh-3 hKSNO ekNFAh"
        id="name"
        name="name"
        placeholder="event name"
      />
      <label
        class="Label-sc-4r18cf-0 EventForm__InputLabelColumn2-sc-1hr7ssh-2 kTDDAh eCVOzL"
        for="location"
      >
        EventLocation:
      </label>
      <input
        class="Input-sc-1qrq46f-0 EventForm__InputColumn2-sc-1hr7ssh-3 hKSNO ekNFdU"
        id="location"
        name="location"
        placeholder="location of the event"
      />
      <h2
        class="EventForm__EventInfosText-sc-1hr7ssh-8 jaKOTo"
      >
        EventInfos
      </h2>
      <label
        class="Label-sc-4r18cf-0 EventForm__InputLabelColumn1-sc-1hr7ssh-1 kTDDAh ckpfaq"
        for="EventStartDate"
      >
        Duration:
      </label>
      <div
        class="EventForm__EventStartDateDiv-sc-1hr7ssh-9 gZQGfC"
      >
        <div
          class="react-datepicker-wrapper"
        >
          <div
            class="react-datepicker__input-container"
          >
            <input
              class="Input-sc-1qrq46f-0 hKSNO"
              placeholder="start date"
              value=""
            />
          </div>
        </div>
      </div>
      <div
        class="EventForm__EventEndDateDiv-sc-1hr7ssh-12 fPEBNm"
      >
        <div
          class="react-datepicker-wrapper"
        >
          <div
            class="react-datepicker__input-container"
          >
            <input
              class="Input-sc-1qrq46f-0 hKSNO"
              placeholder="end date"
              value=""
            />
          </div>
        </div>
      </div>
      <label
        class="Label-sc-4r18cf-0 EventForm__AddressInputLabel-sc-1hr7ssh-15 kTDDAh jwRQhJ"
        for="Street"
      >
        Address:
      </label>
      <input
        class="Input-sc-1qrq46f-0 EventForm__InputColumn2-sc-1hr7ssh-3 hKSNO dogpCS"
        id="street"
        name="street"
        placeholder="street + number"
      />
      <input
        class="Input-sc-1qrq46f-0 EventForm__InputColumn2-sc-1hr7ssh-3 hKSNO dogQeE"
        id="zip"
        name="zip"
        placeholder="zip"
      />
      <label
        class="Label-sc-4r18cf-0 EventForm__InputLabelColumn1-sc-1hr7ssh-1 kTDDAh eNdbsf"
        for="website"
      >
        Website:
      </label>
      <input
        class="Input-sc-1qrq46f-0 EventForm__InputColumn2-sc-1hr7ssh-3 hKSNO dofouy"
        id="website"
        name="website"
        placeholder="http://www.website.de"
      />
      <label
        class="Label-sc-4r18cf-0 EventForm__InputLabelColumn1-sc-1hr7ssh-1 kTDDAh eNdBTR"
        for="price"
      >
        TicketPrice:
      </label>
      <input
        class="Input-sc-1qrq46f-0 EventForm__InputColumn2-sc-1hr7ssh-3 hKSNO dofOWk"
        id="price"
        name="price"
        placeholder="ticket price or range"
      />
      <label
        class="Label-sc-4r18cf-0 EventForm__InputLabelColumn1-sc-1hr7ssh-1 kTDDAh eNdqlu"
        for="poster"
      >
        Picture:
         
      </label>
      <input
        class="Input-sc-1qrq46f-0 EventForm__InputColumn2-sc-1hr7ssh-3 hKSNO dojeif"
        id="poster"
        name="poster"
        placeholder="http://www.website.de/banner.jpg"
      />
      <label
        class="Label-sc-4r18cf-0 EventForm__InputLabelColumn1-sc-1hr7ssh-1 kTDDAh eNecAj"
        for="packlist"
      >
        Add PackList:
      </label>
      <select
        class="EventForm__PacklistInput-sc-1hr7ssh-16 bzsaqM"
        id="packlist"
        name="packlistCategory"
      >
        <option
          value="festival"
        >
          festival
        </option>
        <option
          value="medieval"
        >
          medieval
        </option>
      </select>
      <div
        class="EventForm__ButtonGroup-sc-1hr7ssh-17 oIMra"
      >
        <button
          type="reset"
        >
          Reset
        </button>
        <button
          class="EventForm__SubmitButton-sc-1hr7ssh-18 jeIQTA"
          type="submit"
        >
          Save
        </button>
      </div>
    </form>
  </div>,
  "debug": [Function],
  "findAllByAltText": [Function],
  "findAllByDisplayValue": [Function],
  "findAllByLabelText": [Function],
  "findAllByPlaceholderText": [Function],
  "findAllByRole": [Function],
  "findAllByTestId": [Function],
  "findAllByText": [Function],
  "findAllByTitle": [Function],
  "findByAltText": [Function],
  "findByDisplayValue": [Function],
  "findByLabelText": [Function],
  "findByPlaceholderText": [Function],
  "findByRole": [Function],
  "findByTestId": [Function],
  "findByText": [Function],
  "findByTitle": [Function],
  "getAllByAltText": [Function],
  "getAllByDisplayValue": [Function],
  "getAllByLabelText": [Function],
  "getAllByPlaceholderText": [Function],
  "getAllByRole": [Function],
  "getAllByTestId": [Function],
  "getAllByText": [Function],
  "getAllByTitle": [Function],
  "getByAltText": [Function],
  "getByDisplayValue": [Function],
  "getByLabelText": [Function],
  "getByPlaceholderText": [Function],
  "getByRole": [Function],
  "getByTestId": [Function],
  "getByText": [Function],
  "getByTitle": [Function],
  "queryAllByAltText": [Function],
  "queryAllByDisplayValue": [Function],
  "queryAllByLabelText": [Function],
  "queryAllByPlaceholderText": [Function],
  "queryAllByRole": [Function],
  "queryAllByTestId": [Function],
  "queryAllByText": [Function],
  "queryAllByTitle": [Function],
  "queryByAltText": [Function],
  "queryByDisplayValue": [Function],
  "queryByLabelText": [Function],
  "queryByPlaceholderText": [Function],
  "queryByRole": [Function],
  "queryByTestId": [Function],
  "queryByText": [Function],
  "queryByTitle": [Function],
  "rerender": [Function],
  "unmount": [Function],
}
`;
