// Jest Snapshot v1, https://goo.gl/fbAQLP

exports[`PacklistForm renders correctly 1`] = `
Object {
  "asFragment": [Function],
  "baseElement": .c4 {
  display: block;
  width: 100%;
  padding: 20px;
  border-radius: 4px;
  border: var(--border-darkgrey);
  margin-top: 0;
  padding: 4px;
  font-size: 112.5%;
  color: black;
}

.c2 {
  font-weight: 400;
  size: 112.5%;
  margin: 4px;
  text-align: right;
}

.c7 {
  display: block;
  width: 95%;
  border-radius: 7px;
  border: var(--border-darkgrey);
  margin: 7px;
  margin-top: 0;
  padding: 7px 4px;
}

.c0 {
  -webkit-align-content: center;
  -ms-flex-line-pack: center;
  align-content: center;
  min-width: 300px;
}

.c1 {
  display: -webkit-box;
  display: -webkit-flex;
  display: -ms-flexbox;
  display: flex;
  -webkit-flex-direction: column;
  -ms-flex-direction: column;
  flex-direction: column;
  -webkit-align-items: flex-start;
  -webkit-box-align: flex-start;
  -ms-flex-align: flex-start;
  align-items: flex-start;
  min-width: 300px;
  border-radius: 7px;
  border: var(--border-darkgrey);
  margin: 7px;
  margin-top: 0;
  padding: 7px 4px;
  padding-bottom: 20px;
}

.c3 {
  text-align: left;
}

.c6 {
  -webkit-align-self: center;
  -ms-flex-item-align: center;
  align-self: center;
  margin: 14px;
}

.c8 {
  border: none;
}

.c5 {
  display: none;
}

.c9 {
  grid-column: 1;
  grid-row: 8;
  display: -webkit-box;
  display: -webkit-flex;
  display: -ms-flexbox;
  display: flex;
  -webkit-box-pack: center;
  -webkit-justify-content: center;
  -ms-flex-pack: center;
  justify-content: center;
  width: 100%;
  margin: 7px;
  margin-top: 30px;
}

.c10 {
  background-color: var(--darkred-75);
}

<body>
    <div>
      <form
        class="c0"
        data-testid="packlistform"
      >
        <div
          class="c1"
        >
          <label
            class="c2 c3"
            for="name"
          >
            Name of the new PackList:
          </label>
          <input
            class="c4"
            id="name"
            name="name"
            placeholder="PackList name"
          />
          <label
            class="c2"
            for="itemInput"
          >
            Create new item or task:
          </label>
          <input
            class="c4"
            id="itemInput"
            name="item"
            placeholder="Item you need or task you have to do"
          />
          <input
            class="c5"
            name="shouldHaveOneItem"
          />
          <button
            class="c6"
            type="button"
          >
            Add
          </button>
          <ul
            class="c7 c8"
          />
        </div>
        <div
          class="c9"
        >
          <button
            type="reset"
          >
            Reset
          </button>
          <button
            class="c10"
            type="submit"
          >
            Save
          </button>
        </div>
      </form>
    </div>
  </body>,
  "container": <div>
    <form
      class="PacklistForm__Form-sc-1jem4nf-0 eBgvOZ"
      data-testid="packlistform"
    >
      <div
        class="PacklistForm__FormInputContainer-sc-1jem4nf-1 cTCBWH"
      >
        <label
          class="Label-sc-4r18cf-0 PacklistForm__PacklistNameInputLabel-sc-1jem4nf-2 kTDDAh VRePq"
          for="name"
        >
          Name of the new PackList:
        </label>
        <input
          class="Input-sc-1qrq46f-0 hKSNO"
          id="name"
          name="name"
          placeholder="PackList name"
        />
        <label
          class="Label-sc-4r18cf-0 kTDDAh"
          for="itemInput"
        >
          Create new item or task:
        </label>
        <input
          class="Input-sc-1qrq46f-0 hKSNO"
          id="itemInput"
          name="item"
          placeholder="Item you need or task you have to do"
        />
        <input
          class="PacklistForm__HiddenInput-sc-1jem4nf-6 cHjHNk"
          name="shouldHaveOneItem"
        />
        <button
          class="PacklistForm__AddButton-sc-1jem4nf-3 eERlGT"
          type="button"
        >
          Add
        </button>
        <ul
          class="ListContainer-sc-106yz72-0 PacklistForm__ItemContainer-sc-1jem4nf-4 fNjykF dUWpou"
        />
      </div>
      <div
        class="PacklistForm__ButtonGroup-sc-1jem4nf-8 hqTPqe"
      >
        <button
          type="reset"
        >
          Reset
        </button>
        <button
          class="PacklistForm__SubmitButton-sc-1jem4nf-9 gaBTWT"
          type="submit"
        >
          Save
        </button>
      </div>
    </form>
  </div>,
  "debug": [Function],
  "findAllByAltText": [Function],
  "findAllByDisplayValue": [Function],
  "findAllByLabelText": [Function],
  "findAllByPlaceholderText": [Function],
  "findAllByRole": [Function],
  "findAllByTestId": [Function],
  "findAllByText": [Function],
  "findAllByTitle": [Function],
  "findByAltText": [Function],
  "findByDisplayValue": [Function],
  "findByLabelText": [Function],
  "findByPlaceholderText": [Function],
  "findByRole": [Function],
  "findByTestId": [Function],
  "findByText": [Function],
  "findByTitle": [Function],
  "getAllByAltText": [Function],
  "getAllByDisplayValue": [Function],
  "getAllByLabelText": [Function],
  "getAllByPlaceholderText": [Function],
  "getAllByRole": [Function],
  "getAllByTestId": [Function],
  "getAllByText": [Function],
  "getAllByTitle": [Function],
  "getByAltText": [Function],
  "getByDisplayValue": [Function],
  "getByLabelText": [Function],
  "getByPlaceholderText": [Function],
  "getByRole": [Function],
  "getByTestId": [Function],
  "getByText": [Function],
  "getByTitle": [Function],
  "queryAllByAltText": [Function],
  "queryAllByDisplayValue": [Function],
  "queryAllByLabelText": [Function],
  "queryAllByPlaceholderText": [Function],
  "queryAllByRole": [Function],
  "queryAllByTestId": [Function],
  "queryAllByText": [Function],
  "queryAllByTitle": [Function],
  "queryByAltText": [Function],
  "queryByDisplayValue": [Function],
  "queryByLabelText": [Function],
  "queryByPlaceholderText": [Function],
  "queryByRole": [Function],
  "queryByTestId": [Function],
  "queryByText": [Function],
  "queryByTitle": [Function],
  "rerender": [Function],
  "unmount": [Function],
}
`;
