// Jest Snapshot v1, https://goo.gl/fbAQLP

exports[`CategoryFilter renders correctly 1`] = `
.c0 {
  margin: 5px;
  backgroundcolor: grey;
}

.c1 {
  background: rgba(49,42,42,0.75);
}

.c2 {
  background: rgba(67,40,24,0.70);
}

.c3 {
  background: rgba(248,149,17,0.46);
}

.c4 {
  background: rgba(153,88,42,0.70);
}

<div
  className="c0"
>
  <button
    className="c1"
    name="metal"
    onClick={[Function]}
  >
    metal
  </button>
  <button
    className="c2"
    name="medieval"
    onClick={[Function]}
  >
    medieval
  </button>
  <button
    className="c3"
    name="sand"
    onClick={[Function]}
  >
    sand
  </button>
  <button
    className="c4"
    name="other"
    onClick={[Function]}
  >
    otters
  </button>
</div>
`;
