// Jest Snapshot v1, https://goo.gl/fbAQLP

exports[`EventList renders correctly 1`] = `
Array [
  .c2 {
  list-style: none;
  border: 2px solid #964B00;
  marign: 0;
  margin-bottom: 20px;
  padding: 4px;
  text-align: center;
}

.c3 {
  margin: 0;
  font-size: 100%;
}

.c4 {
  margin: 0;
}

.c0 {
  margin: 10px;
  padding: 0;
}

.c1 {
  margin: 0;
  margin-bottom: 5px;
  padding: 0;
  text-align: left;
}

<ul
    className="c0"
  >
    <h2
      className="c1"
    >
      Event 
      2020
    </h2>
    <li
      className="c2"
    >
      <h2
        className="c3"
      >
        Hörnerfest
         - 
        Brande-Hörnerkirchen
      </h2>
      <p
        className="c4"
      >
        06/25/2020 - 06/28/2020
      </p>
    </li>
    <li
      className="c2"
    >
      <h2
        className="c3"
      >
        Rockharz
         - 
        Ballenstedt
      </h2>
      <p
        className="c4"
      >
        06/30/2020 - 07/04/2020
      </p>
    </li>
    <li
      className="c2"
    >
      <h2
        className="c3"
      >
        WikingerEvent
         - 
        Damp
      </h2>
      <p
        className="c4"
      >
        08/04/2020 - 08/06/2020
      </p>
    </li>
    <li
      className="c2"
    >
      <h2
        className="c3"
      >
        MPS
         - 
        Luhmühlen
      </h2>
      <p
        className="c4"
      >
        08/05/2020 - 08/06/2020
      </p>
    </li>
    <li
      className="c2"
    >
      <h2
        className="c3"
      >
        Stove am Strand
         - 
        Stove
      </h2>
      <p
        className="c4"
      >
        09/25/2020 - 09/27/2020
      </p>
    </li>
    <li
      className="c2"
    >
      <h2
        className="c3"
      >
        MengederGaudium
         - 
        Mengede
      </h2>
      <p
        className="c4"
      >
        06/11/2020 - 06/14/2020
      </p>
    </li>
  </ul>,
  .c2 {
  list-style: none;
  border: 2px solid #964B00;
  marign: 0;
  margin-bottom: 20px;
  padding: 4px;
  text-align: center;
}

.c3 {
  margin: 0;
  font-size: 100%;
}

.c4 {
  margin: 0;
}

.c0 {
  margin: 10px;
  padding: 0;
}

.c1 {
  margin: 0;
  margin-bottom: 5px;
  padding: 0;
  text-align: left;
}

<ul
    className="c0"
  >
    <h2
      className="c1"
    >
      Event 
      2021
    </h2>
    <li
      className="c2"
    >
      <h2
        className="c3"
      >
        WackenWinterNights
         - 
        Wacken
      </h2>
      <p
        className="c4"
      >
        02/14/2021 - 02/16/2021
      </p>
    </li>
  </ul>,
]
`;
