// Jest Snapshot v1, https://goo.gl/fbAQLP

exports[`Event renders correctly 1`] = `
.c0 {
  list-style: none;
  border: 2px solid brown;
  margin: 20px;
  padding: 4px;
}

.c1 {
  margin: 0;
}

.c2 {
  margin: 0;
}

<li
  className="c0"
>
  <h2
    className="c1"
  >
    This is the eventname
     - 
    This is the eventlocation
  </h2>
  <p
    className="c2"
  >
    This is the eventdate
  </p>
</li>
`;
